<input class="input-validation-error" data-attr="value" data-val="true" data-val-format="dd/MM/yyyy HH:mm" data-val-required="The DateTimeWithGFormat field is required." id="DateTimeWithGFormat" name="DateTimeWithGFormat" type="text" value="01/01/0001 00:00" />