<input class="input-validation-error" data-attr="value" data-val-format="d/M/yyyy" id="NullableDateTimeWithFormat" name="NullableDateTimeWithFormat" type="text" value="" />