<input class="input-validation-error" data-attr="value" id="NullableDateTime" name="NullableDateTime" type="text" value="" />