<label for="StringWithExistingResource">Test Value</label>