<label for="StringWithNonExistingResource">StringWithNonExistingResource</label>