<textarea class="input-validation-error" data-attr="value" id="Textarea" name="Textarea"></textarea>