<select class="input-validation-error" data-val="true" data-val-required="The RequiredIntListId field is required." id="RequiredIntListId" name="RequiredIntListId">
  <option value="1">A</option>
  <option selected="selected" value="2">B</option>
</select>