<ul>
  <li>
    <input checked="checked" class="input-validation-error" data-val="false" id="OptionalIntListId_1" name="OptionalIntListId" type="radio" value="" />
    <label for="OptionalIntListId_1">None</label>
  </li>
  <li>
    <input class="input-validation-error" data-val="false" id="OptionalIntListId_2" name="OptionalIntListId" type="radio" value="1" />
    <label for="OptionalIntListId_2">A</label>
  </li>
  <li>
    <input class="input-validation-error" data-val="false" id="OptionalIntListId_3" name="OptionalIntListId" type="radio" value="2" />
    <label for="OptionalIntListId_3">B</label>
  </li>
</ul>