<select class="input-validation-error" id="OptionalIntListId" name="OptionalIntListId">
  <option selected="selected" value=""></option>
  <option value="1">A</option>
  <option value="2">B</option>
</select>