<input class="a-class" data-val="true" data-val-number="The field Decimal must be a number." data-val-required="The Decimal field is required." id="Decimal" name="Decimal" type="text" value="" />