            <dt><label for="NullableDateTime">NullableDateTime</label></dt>
            <dd>
                <input id="NullableDateTime" name="NullableDateTime" type="text" value="" /> <span class="field-validation-valid" data-valmsg-for="NullableDateTime" data-valmsg-replace="true"></span>
            </dd>
