            <dt><label for="Decimal">LABEL</label> <em class="required">*</em></dt>
            <dd>
                <input class="a-class" data-val="true" data-val-number="The field Decimal must be a number." data-val-required="The Decimal field is required." id="Decimal" name="Decimal" type="text" value="" /> <span class="field-validation-valid" data-valmsg-for="Decimal" data-valmsg-replace="true"></span>
            </dd>
